// Jest Snapshot v1, https://goo.gl/fbAQLP

exports[`Profile should render properly 1`] = `
.c0 {
  display: flex;
  flex-direction: column;
  justify-content: center;
  gap: 2rem;
}

.c1 {
  display: flex;
  flex-direction: column;
  align-items: center;
  gap: 2rem;
}

.c5 {
  margin: 0;
  color: #fff;
  font-size: 1.4rem;
  font-weight: 400;
  letter-spacing: 0rem;
  line-height: 2.2rem;
  text-align: initial;
  display: inline-block;
}

.c2 {
  width: 80%;
  margin: auto;
  padding: 5rem;
  border-radius: 2rem;
  background-color: #463366;
  box-shadow: 0 4px 8px 0 rgba(0, 0, 0, 0.2),0 6px 20px 0 rgba(0, 0, 0, 0.19);
}

.c3 {
  width: 40%;
  justify-content: center;
}

.c4 {
  border-radius: 50%;
  width: 15rem;
  height: 15rem;
  border: 1px solid #42a5f5;
}

@media only screen and (min-width: 1200px) {
  .c2 {
    width: 40%;
  }
}

<div>
  <div
    class="c0"
    display="flex"
    flexdirection="column"
    gap="2rem"
    justifycontent="center"
  >
    <div
      alignitems="center"
      class="c1 c2 c3"
      display="flex"
      flexdirection="column"
      gap="2rem"
    >
      <img
        alt="avatar"
        class="c4"
      />
      <span
        class="c5"
        textalign="initial"
        textcolor="#fff"
      >
        <strong>
          Name: 
        </strong>
         
      </span>
      <span
        class="c5"
        textalign="initial"
        textcolor="#fff"
      >
        <strong>
          Email: 
        </strong>
         
      </span>
      <span
        class="c5"
        textalign="initial"
        textcolor="#fff"
      >
        <strong>
          Role: 
        </strong>
         
      </span>
    </div>
  </div>
</div>
`;
