// Jest Snapshot v1, https://goo.gl/fbAQLP

exports[`PageLayout component should render properly 1`] = `
.c1 {
  overflow: auto;
  padding-top: 32px;
  width: 86%;
  margin: auto;
}

.c0 {
  display: grid;
  height: 100%;
  min-height: 100vh;
  width: 100%;
  grid-template-areas: 'header' 'main';
  grid-template-columns: 1fr;
  grid-template-rows: 4.2em auto;
  background-color: #301e4e;
  overflow: unset;
}

.c0>header {
  grid-area: header;
}

.c0>main {
  grid-area: main;
  transition: width 200ms;
  padding-bottom: 35px;
}

<div>
  <div
    class="c0"
  >
    <main
      class="c1"
    >
      <p>
        dummy Text
      </p>
    </main>
  </div>
</div>
`;
