// Jest Snapshot v1, https://goo.gl/fbAQLP

exports[`Dashboard should render properly 1`] = `
.c12 {
  width: 10rem;
  height: auto;
  margin: auto;
  animation: gOaCMp infinite 20s linear;
}

.c0 {
  display: flex;
  flex-direction: column;
  gap: 2rem;
}

.c3 {
  display: flex;
  gap: 1rem;
}

.c8 {
  display: flex;
  gap: 0.5rem;
}

.c11 {
  display: flex;
  justify-content: center;
  flex-wrap: wrap;
  gap: 2rem;
}

.c7 {
  -webkit-appearance: none;
  appearance: none;
  width: 100%;
  border: 0;
  font-family: inherit;
  font-size: 16px;
  font-weight: 400;
  background: #ffff;
  box-shadow: inset 0 -1px 0 rgba(#212529, 0.3);
  color: #212529;
  transition: all 0.15s ease;
  outline: none;
}

.c5 {
  position: relative;
  border-radius: 3px;
  padding: 0.5rem 1rem;
  display: flex;
  align-items: center;
  overflow: hidden;
  width: 23rem;
  background-color: #ffff;
}

.c5 .focus-bg {
  position: absolute;
  top: 0;
  left: 0;
  width: 100%;
  height: 100%;
  background: rgba(#6c757d, 0.05);
  z-index: -1;
  transform: scaleX(0);
  transform-origin: left;
}

.c5 .c6 {
  width: 20rem;
}

.c5 img {
  cursor: pointer;
  width: 1.2rem;
  height: 1.2rem;
}

.c9 {
  background-color: white;
  border-radius: 0.3rem;
  display: inline-block;
  font: inherit;
  line-height: 1.5rem;
  padding: 0.5rem 3.5rem 0.5rem 1rem;
  margin: 0;
  outline: unset;
  -webkit-box-sizing: border-box;
  -moz-box-sizing: border-box;
  box-sizing: border-box;
  -webkit-appearance: none;
  -moz-appearance: none;
  background-image: linear-gradient(45deg, transparent 50%, gray 50%),linear-gradient(135deg, gray 50%, transparent 50%),radial-gradient(#ddd 70%, transparent 72%);
  background-position: calc(100% - 20px) calc(1em + 2px),calc(100% - 15px) calc(1em + 2px),calc(100% - 0.5em) 0.5em;
  background-size: 5px 5px,5px 5px,1.5em 1.5em;
  background-repeat: no-repeat;
}

.c9 :focus {
  background-image: linear-gradient(45deg, white 50%, transparent 50%),linear-gradient(135deg, transparent 50%, white 50%),radial-gradient(gray 70%, transparent 72%);
  background-position: calc(100% - 15px) 1em,calc(100% - 20px) 1em,calc(100% - 0.5em) 0.5em;
  background-size: 5px 5px,5px 5px,1.5em 1.5em;
  background-repeat: no-repeat;
}

.c10 {
  padding: 0.5rem;
}

.c2 {
  margin: 0;
  color: #fff;
  font-size: 2.4rem;
  font-weight: 400;
  letter-spacing: -0.04rem;
  line-height: 3.2rem;
  text-align: center;
}

.c4 {
  width: 90%;
  align-items: baseline;
  justify-content: center;
}

.c4 .react-daterange-picker__wrapper {
  background-color: #fff;
  padding: 0.4rem 1rem;
  border-radius: 0.3rem;
}

.c1 {
  width: 90%;
  margin: 2rem auto;
}

<div>
  <div
    class="c0 c1"
    flexdirection="column"
    gap="2rem"
  >
    <h3
      class="c2"
      textalign="center"
      textcolor="#fff"
      textvariant="h3"
    >
      dummy
    </h3>
    <div
      class="c3 c4"
      gap="1rem"
    >
      <div
        class="c5"
        for="searchInput"
      >
        <input
          class="c6 c7"
          id="searchInput"
          placeholder="Search"
          title="searchBox"
          type="text"
          value=""
        />
        <div
          class="c8"
          gap="0.5rem"
        >
          <img
            alt="search-icon"
          />
        </div>
      </div>
      <div
        class="c3"
        gap="1rem"
      >
        <select
          class="c9"
          title="single-select"
        >
          <option
            class="c10"
            value=""
          >
            Select sort
          </option>
          <option
            class="c10"
            value="cost-DSC"
          >
            Sort by Cost (H-L)
          </option>
          <option
            class="c10"
            value="cost-ASC"
          >
            Sort by Cost (L-H)
          </option>
          <option
            class="c10"
            value="date-DSC"
          >
            Sort by Date (DSC)
          </option>
          <option
            class="c10"
            value="date-ASC"
          >
            Sort by Date (ASC)
          </option>
        </select>
      </div>
      <div
        class="react-daterange-picker react-daterange-picker--closed react-daterange-picker--enabled"
      >
        <div
          class="react-daterange-picker__wrapper"
        >
          <div
            class="react-daterange-picker__inputGroup"
          >
            <input
              hidden=""
              max="275760-09-13"
              min="0001-01-01"
              name="daterange_from"
              style="visibility: hidden; position: absolute; z-index: -999;"
              type="date"
              value="2023-06-17"
            />
            <input
              autocomplete="off"
              class="react-daterange-picker__inputGroup__input react-daterange-picker__inputGroup__month"
              data-input="true"
              inputmode="numeric"
              max="12"
              min="1"
              name="month"
              placeholder="--"
              type="number"
              value="6"
            />
            <span
              class="react-date-picker__inputGroup__divider"
            >
              /
            </span>
            <input
              autocomplete="off"
              class="react-daterange-picker__inputGroup__input react-daterange-picker__inputGroup__day"
              data-input="true"
              inputmode="numeric"
              max="30"
              min="1"
              name="day"
              placeholder="--"
              type="number"
              value="17"
            />
            <span
              class="react-date-picker__inputGroup__divider"
            >
              /
            </span>
            <input
              autocomplete="off"
              class="react-daterange-picker__inputGroup__input react-daterange-picker__inputGroup__year"
              data-input="true"
              inputmode="numeric"
              max="275760"
              min="1"
              name="year"
              placeholder="----"
              step="1"
              type="number"
              value="2023"
            />
          </div>
          <span
            class="react-daterange-picker__range-divider"
          >
            â€“
          </span>
          <div
            class="react-daterange-picker__inputGroup"
          >
            <input
              hidden=""
              max="275760-09-13"
              min="0001-01-01"
              name="daterange_to"
              style="visibility: hidden; position: absolute; z-index: -999;"
              type="date"
              value="2023-06-17"
            />
            <input
              autocomplete="off"
              class="react-daterange-picker__inputGroup__input react-daterange-picker__inputGroup__month"
              data-input="true"
              inputmode="numeric"
              max="12"
              min="1"
              name="month"
              placeholder="--"
              type="number"
              value="6"
            />
            <span
              class="react-date-picker__inputGroup__divider"
            >
              /
            </span>
            <input
              autocomplete="off"
              class="react-daterange-picker__inputGroup__input react-daterange-picker__inputGroup__day"
              data-input="true"
              inputmode="numeric"
              max="30"
              min="1"
              name="day"
              placeholder="--"
              type="number"
              value="17"
            />
            <span
              class="react-date-picker__inputGroup__divider"
            >
              /
            </span>
            <input
              autocomplete="off"
              class="react-daterange-picker__inputGroup__input react-daterange-picker__inputGroup__year"
              data-input="true"
              inputmode="numeric"
              max="275760"
              min="1"
              name="year"
              placeholder="----"
              step="1"
              type="number"
              value="2023"
            />
          </div>
          <button
            class="react-daterange-picker__clear-button react-daterange-picker__button"
            type="button"
          >
            <svg
              class="react-daterange-picker__clear-button__icon react-daterange-picker__button__icon"
              height="19"
              stroke="black"
              stroke-width="2"
              viewBox="0 0 19 19"
              width="19"
              xmlns="http://www.w3.org/2000/svg"
            >
              <line
                x1="4"
                x2="15"
                y1="4"
                y2="15"
              />
              <line
                x1="15"
                x2="4"
                y1="4"
                y2="15"
              />
            </svg>
          </button>
          <button
            class="react-daterange-picker__calendar-button react-daterange-picker__button"
            type="button"
          >
            <svg
              class="react-daterange-picker__calendar-button__icon react-daterange-picker__button__icon"
              height="19"
              stroke="black"
              stroke-width="2"
              viewBox="0 0 19 19"
              width="19"
              xmlns="http://www.w3.org/2000/svg"
            >
              <rect
                fill="none"
                height="15"
                width="15"
                x="2"
                y="2"
              />
              <line
                x1="6"
                x2="6"
                y1="0"
                y2="4"
              />
              <line
                x1="13"
                x2="13"
                y1="0"
                y2="4"
              />
            </svg>
          </button>
        </div>
      </div>
    </div>
    <div
      class="c11 c1"
      flexwrap="wrap"
      gap="2rem"
      justifycontent="center"
    >
      <img
        class="c12"
        title="loader"
      />
    </div>
  </div>
</div>
`;
