// Jest Snapshot v1, https://goo.gl/fbAQLP

exports[`SingleSelect should render properly with default props 1`] = `
.c0 {
  display: flex;
  gap: 1rem;
}

.c1 {
  width: 100%;
  min-width: 15ch;
  max-width: 30ch;
  border: 1px solid var(--select-border);
  border-radius: 0.25em;
  padding: 0.25em 0.5em;
  font-size: 1.25rem;
  cursor: pointer;
  line-height: 1.1;
  background-color: #fff;
  background-image: linear-gradient(to top, #f9f9f9, #fff 33%);
  display: grid;
  grid-template-areas: 'select';
  align-items: center;
  position: relative;
}

.c1:after {
  content: '';
  width: 0.8em;
  height: 0.5em;
  background-color: var(--select-arrow);
  clip-path: polygon(100% 0%, 0 0%, 50% 100%);
  grid-area: select;
  justify-self: end;
}

.c1:focus+.focus {
  position: absolute;
  top: -1px;
  left: -1px;
  right: -1px;
  bottom: -1px;
  border: 2px solid var(--select-focus);
  border-radius: inherit;
}

.c2 {
  padding: 0.5rem;
}

<div>
  <div
    class="c0"
    gap="1rem"
  >
    <label
      for="select2"
    >
      Select2
    </label>
    <select
      class="c1"
      title="single-select"
    >
      <option
        class="c2"
        value="dummy"
      >
        Dummy
      </option>
      <option
        class="c2"
        value="dummy1"
      >
        Dummy1
      </option>
    </select>
  </div>
</div>
`;
